#-----------------------------------------------------------
# Vivado v2021.2 (64-bit)
# SW Build 3367213 on Tue Oct 19 02:48:09 MDT 2021
# IP Build 3369179 on Thu Oct 21 08:25:16 MDT 2021
# Start of session at: Wed May 11 15:37:27 2022
# Process ID: 2488
# Current directory: F:/ZYNQ/led_twinkle
# Command line: vivado.exe -gui_launcher_event rodinguilauncherevent14488 F:\ZYNQ\led_twinkle\led_twinkle.xpr
# Log file: F:/ZYNQ/led_twinkle/vivado.log
# Journal file: F:/ZYNQ/led_twinkle\vivado.jou
# Running On: DESKTOP-O59LNIU, OS: Windows, CPU Frequency: 3194 MHz, CPU Physical cores: 16, Host memory: 16483 MB
#-----------------------------------------------------------
start_gui
open_project F:/ZYNQ/led_twinkle/led_twinkle.xpr
update_compile_order -fileset sources_1
file mkdir F:/ZYNQ/led_twinkle/led_twinkle.srcs/sim_1/new
set_property SOURCE_SET sources_1 [get_filesets sim_1]
close [ open F:/ZYNQ/led_twinkle/led_twinkle.srcs/sim_1/new/tb_led_twinkle.v w ]
add_files -fileset sim_1 F:/ZYNQ/led_twinkle/led_twinkle.srcs/sim_1/new/tb_led_twinkle.v
update_compile_order -fileset sim_1
update_compile_order -fileset sim_1
launch_simulation
source tb_led_twinkle.tcl
current_wave_config {Untitled 1}
add_wave {{/tb_led_twinkle/u_led_twinkle/cnt}} 
run 10 us
run 10 us
run 10 us
run all
restart
run 10 us
run 10 us
run 10 us
run 10 us
run 10 us
reset_run synth_1
launch_runs impl_1 -to_step write_bitstream -jobs 16
wait_on_run impl_1
reset_run synth_1
launch_runs impl_1 -to_step write_bitstream -jobs 16
wait_on_run impl_1
reset_run synth_1
launch_runs impl_1 -to_step write_bitstream -jobs 16
wait_on_run impl_1
open_hw_manager
connect_hw_server -url localhost:3121 -allow_non_jtag
current_hw_target [get_hw_targets */xilinx_tcf/Digilent/210512180081]
set_property PARAM.FREQUENCY 10000000 [get_hw_targets */xilinx_tcf/Digilent/210512180081]
open_hw_target
set_property PROGRAM.FILE {F:/ZYNQ/led_twinkle/led_twinkle.runs/impl_1/led_twinkle.bit} [get_hw_devices xc7z020_1]
set_property PROBES.FILE {} [get_hw_devices xc7z020_1]
set_property FULL_PROBES.FILE {} [get_hw_devices xc7z020_1]
set_property PROGRAM.FILE {F:/ZYNQ/led_twinkle/led_twinkle.runs/impl_1/led_twinkle.bit} [get_hw_devices xc7z020_1]
program_hw_devices [get_hw_devices xc7z020_1]
refresh_hw_device [lindex [get_hw_devices xc7z020_1] 0]
refresh_hw_device [lindex [get_hw_devices xc7z020_1] 0]
reset_run synth_1
launch_runs impl_1 -to_step write_bitstream -jobs 16
wait_on_run impl_1
reset_run synth_1
launch_runs impl_1 -to_step write_bitstream -jobs 16
wait_on_run impl_1
open_run impl_1
set_property PROBES.FILE {} [get_hw_devices xc7z020_1]
set_property FULL_PROBES.FILE {} [get_hw_devices xc7z020_1]
set_property PROGRAM.FILE {F:/ZYNQ/led_twinkle/led_twinkle.runs/impl_1/led_twinkle.bit} [get_hw_devices xc7z020_1]
program_hw_devices [get_hw_devices xc7z020_1]
refresh_hw_device [lindex [get_hw_devices xc7z020_1] 0]
refresh_hw_device [lindex [get_hw_devices xc7z020_1] 0]
refresh_hw_device [lindex [get_hw_devices xc7z020_1] 0]
refresh_hw_device [lindex [get_hw_devices xc7z020_1] 0]
set_property PROBES.FILE {} [get_hw_devices xc7z020_1]
set_property FULL_PROBES.FILE {} [get_hw_devices xc7z020_1]
set_property PROGRAM.FILE {F:/ZYNQ/led_twinkle/led_twinkle.runs/impl_1/led_twinkle.bit} [get_hw_devices xc7z020_1]
program_hw_devices [get_hw_devices xc7z020_1]
refresh_hw_device [lindex [get_hw_devices xc7z020_1] 0]
refresh_hw_device [lindex [get_hw_devices xc7z020_1] 0]
set_property PROBES.FILE {} [get_hw_devices xc7z020_1]
set_property FULL_PROBES.FILE {} [get_hw_devices xc7z020_1]
set_property PROGRAM.FILE {F:/ZYNQ/led_twinkle/led_twinkle.runs/impl_1/led_twinkle.bit} [get_hw_devices xc7z020_1]
program_hw_devices [get_hw_devices xc7z020_1]
refresh_hw_device [lindex [get_hw_devices xc7z020_1] 0]
set_property PROBES.FILE {} [get_hw_devices xc7z020_1]
set_property FULL_PROBES.FILE {} [get_hw_devices xc7z020_1]
set_property PROGRAM.FILE {F:/ZYNQ/led_twinkle/led_twinkle.runs/impl_1/led_twinkle.bit} [get_hw_devices xc7z020_1]
program_hw_devices [get_hw_devices xc7z020_1]
refresh_hw_device [lindex [get_hw_devices xc7z020_1] 0]
refresh_hw_device [lindex [get_hw_devices xc7z020_1] 0]
reset_run synth_1
launch_runs impl_1 -to_step write_bitstream -jobs 16
wait_on_run impl_1
set_property PROBES.FILE {} [get_hw_devices xc7z020_1]
set_property FULL_PROBES.FILE {} [get_hw_devices xc7z020_1]
set_property PROGRAM.FILE {F:/ZYNQ/led_twinkle/led_twinkle.runs/impl_1/led_twinkle.bit} [get_hw_devices xc7z020_1]
program_hw_devices [get_hw_devices xc7z020_1]
refresh_hw_device [lindex [get_hw_devices xc7z020_1] 0]
reset_run synth_1
launch_runs impl_1 -to_step write_bitstream -jobs 16
wait_on_run impl_1
set_property PROBES.FILE {} [get_hw_devices xc7z020_1]
set_property FULL_PROBES.FILE {} [get_hw_devices xc7z020_1]
set_property PROGRAM.FILE {F:/ZYNQ/led_twinkle/led_twinkle.runs/impl_1/led_twinkle.bit} [get_hw_devices xc7z020_1]
program_hw_devices [get_hw_devices xc7z020_1]
refresh_hw_device [lindex [get_hw_devices xc7z020_1] 0]
refresh_hw_device [lindex [get_hw_devices xc7z020_1] 0]
reset_run synth_1
launch_runs impl_1 -to_step write_bitstream -jobs 16
wait_on_run impl_1
set_property PROBES.FILE {} [get_hw_devices xc7z020_1]
set_property FULL_PROBES.FILE {} [get_hw_devices xc7z020_1]
set_property PROGRAM.FILE {F:/ZYNQ/led_twinkle/led_twinkle.runs/impl_1/led_twinkle.bit} [get_hw_devices xc7z020_1]
program_hw_devices [get_hw_devices xc7z020_1]
refresh_hw_device [lindex [get_hw_devices xc7z020_1] 0]
close_sim
